// Jest Snapshot v1, https://goo.gl/fbAQLP

exports[`Cart Component Should Match Snapshot 1`] = `
Object {
  "asFragment": [Function],
  "baseElement": <body>
    <div>
      <div
        class="MuiPaper-root MuiPaper-elevation1 MuiPaper-rounded"
      >
        <table
          class="MuiTable-root"
        >
          <thead
            class="MuiTableHead-root"
          >
            <tr
              class="MuiTableRow-root MuiTableRow-head"
            >
              <th
                class="MuiTableCell-root MuiTableCell-head"
                scope="col"
              >
                Product
              </th>
              <th
                class="MuiTableCell-root MuiTableCell-head"
                scope="col"
              >
                Price
              </th>
              <th
                class="MuiTableCell-root MuiTableCell-head"
                scope="col"
              >
                Quantity
              </th>
              <th
                class="MuiTableCell-root MuiTableCell-head"
                scope="col"
              >
                Total
              </th>
              <th
                class="MuiTableCell-root MuiTableCell-head"
                scope="col"
              >
                Action
              </th>
            </tr>
          </thead>
          <tbody
            class="MuiTableBody-root"
          >
            <tr
              class="MuiTableRow-root"
            >
              <td
                class="MuiTableCell-root MuiTableCell-body"
              >
                iphone
              </td>
              <td
                class="MuiTableCell-root MuiTableCell-body"
              >
                $
                $549
              </td>
              <td
                class="MuiTableCell-root MuiTableCell-body"
              >
                1
              </td>
              <td
                class="MuiTableCell-root MuiTableCell-body"
              >
                $
                NaN
              </td>
              <td
                class="MuiTableCell-root MuiTableCell-body"
              >
                <button
                  class="MuiButtonBase-root MuiButton-root MuiButton-text"
                  tabindex="0"
                  type="button"
                >
                  <span
                    class="MuiButton-label"
                  >
                    Remove
                  </span>
                  <span
                    class="MuiTouchRipple-root"
                  />
                </button>
              </td>
            </tr>
          </tbody>
        </table>
      </div>
    </div>
  </body>,
  "container": <div>
    <div
      class="MuiPaper-root MuiPaper-elevation1 MuiPaper-rounded"
    >
      <table
        class="MuiTable-root"
      >
        <thead
          class="MuiTableHead-root"
        >
          <tr
            class="MuiTableRow-root MuiTableRow-head"
          >
            <th
              class="MuiTableCell-root MuiTableCell-head"
              scope="col"
            >
              Product
            </th>
            <th
              class="MuiTableCell-root MuiTableCell-head"
              scope="col"
            >
              Price
            </th>
            <th
              class="MuiTableCell-root MuiTableCell-head"
              scope="col"
            >
              Quantity
            </th>
            <th
              class="MuiTableCell-root MuiTableCell-head"
              scope="col"
            >
              Total
            </th>
            <th
              class="MuiTableCell-root MuiTableCell-head"
              scope="col"
            >
              Action
            </th>
          </tr>
        </thead>
        <tbody
          class="MuiTableBody-root"
        >
          <tr
            class="MuiTableRow-root"
          >
            <td
              class="MuiTableCell-root MuiTableCell-body"
            >
              iphone
            </td>
            <td
              class="MuiTableCell-root MuiTableCell-body"
            >
              $
              $549
            </td>
            <td
              class="MuiTableCell-root MuiTableCell-body"
            >
              1
            </td>
            <td
              class="MuiTableCell-root MuiTableCell-body"
            >
              $
              NaN
            </td>
            <td
              class="MuiTableCell-root MuiTableCell-body"
            >
              <button
                class="MuiButtonBase-root MuiButton-root MuiButton-text"
                tabindex="0"
                type="button"
              >
                <span
                  class="MuiButton-label"
                >
                  Remove
                </span>
                <span
                  class="MuiTouchRipple-root"
                />
              </button>
            </td>
          </tr>
        </tbody>
      </table>
    </div>
  </div>,
  "debug": [Function],
  "findAllByAltText": [Function],
  "findAllByDisplayValue": [Function],
  "findAllByLabelText": [Function],
  "findAllByPlaceholderText": [Function],
  "findAllByRole": [Function],
  "findAllByTestId": [Function],
  "findAllByText": [Function],
  "findAllByTitle": [Function],
  "findByAltText": [Function],
  "findByDisplayValue": [Function],
  "findByLabelText": [Function],
  "findByPlaceholderText": [Function],
  "findByRole": [Function],
  "findByTestId": [Function],
  "findByText": [Function],
  "findByTitle": [Function],
  "getAllByAltText": [Function],
  "getAllByDisplayValue": [Function],
  "getAllByLabelText": [Function],
  "getAllByPlaceholderText": [Function],
  "getAllByRole": [Function],
  "getAllByTestId": [Function],
  "getAllByText": [Function],
  "getAllByTitle": [Function],
  "getByAltText": [Function],
  "getByDisplayValue": [Function],
  "getByLabelText": [Function],
  "getByPlaceholderText": [Function],
  "getByRole": [Function],
  "getByTestId": [Function],
  "getByText": [Function],
  "getByTitle": [Function],
  "queryAllByAltText": [Function],
  "queryAllByDisplayValue": [Function],
  "queryAllByLabelText": [Function],
  "queryAllByPlaceholderText": [Function],
  "queryAllByRole": [Function],
  "queryAllByTestId": [Function],
  "queryAllByText": [Function],
  "queryAllByTitle": [Function],
  "queryByAltText": [Function],
  "queryByDisplayValue": [Function],
  "queryByLabelText": [Function],
  "queryByPlaceholderText": [Function],
  "queryByRole": [Function],
  "queryByTestId": [Function],
  "queryByText": [Function],
  "queryByTitle": [Function],
  "rerender": [Function],
  "unmount": [Function],
}
`;
